Category: 📺央视频道, Name: CCTV-1, Total: 53, Valid: 21, Valid Percent: 39.62%, IPv4: 53, IPv6: 0, Min Delay: 444 ms, Max Speed: 9.48 M/s, Avg Speed: 1.31 M/s, Max Resolution: 1920x1080
Category: 📺央视频道, Name: CCTV-2, Total: 48, Valid: 23, Valid Percent: 47.92%, IPv4: 48, IPv6: 0, Min Delay: 459 ms, Max Speed: 9.82 M/s, Avg Speed: 1.60 M/s, Max Resolution: 1920x1080
Category: 📺央视频道, Name: CCTV-3, Total: 55, Valid: 26, Valid Percent: 47.27%, IPv4: 55, IPv6: 0, Min Delay: 460 ms, Max Speed: 9.25 M/s, Avg Speed: 2.03 M/s, Max Resolution: 1920x1080
Category: 📺央视频道, Name: CCTV-4, Total: 59, Valid: 24, Valid Percent: 40.68%, IPv4: 59, IPv6: 0, Min Delay: 321 ms, Max Speed: 9.43 M/s, Avg Speed: 2.25 M/s, Max Resolution: 1920x1080
Category: 📺央视频道, Name: CCTV-5, Total: 62, Valid: 31, Valid Percent: 50.00%, IPv4: 62, IPv6: 0, Min Delay: 273 ms, Max Speed: 6.98 M/s, Avg Speed: 1.10 M/s, Max Resolution: 1920x1080
Category: 📺央视频道, Name: CCTV-5+, Total: 28, Valid: 12, Valid Percent: 42.86%, IPv4: 28, IPv6: 0, Min Delay: 441 ms, Max Speed: 8.99 M/s, Avg Speed: 1.56 M/s, Max Resolution: 1920x1080
Category: 📺央视频道, Name: CCTV-6, Total: 48, Valid: 21, Valid Percent: 43.75%, IPv4: 48, IPv6: 0, Min Delay: 352 ms, Max Speed: 3.98 M/s, Avg Speed: 1.13 M/s, Max Resolution: 1920x1080
Category: 📺央视频道, Name: CCTV-7, Total: 44, Valid: 21, Valid Percent: 47.73%, IPv4: 44, IPv6: 0, Min Delay: 280 ms, Max Speed: 8.55 M/s, Avg Speed: 2.48 M/s, Max Resolution: 1920x1080
Category: 📺央视频道, Name: CCTV-8, Total: 50, Valid: 26, Valid Percent: 52.00%, IPv4: 50, IPv6: 0, Min Delay: 295 ms, Max Speed: 10.46 M/s, Avg Speed: 1.52 M/s, Max Resolution: 1920x1080
Category: 📺央视频道, Name: CCTV-9, Total: 49, Valid: 21, Valid Percent: 42.86%, IPv4: 49, IPv6: 0, Min Delay: 293 ms, Max Speed: 8.91 M/s, Avg Speed: 1.67 M/s, Max Resolution: 1920x1080
Category: 📺央视频道, Name: CCTV-10, Total: 54, Valid: 26, Valid Percent: 48.15%, IPv4: 54, IPv6: 0, Min Delay: 388 ms, Max Speed: 9.31 M/s, Avg Speed: 1.55 M/s, Max Resolution: 1920x1080
Category: 📺央视频道, Name: CCTV-11, Total: 44, Valid: 18, Valid Percent: 40.91%, IPv4: 44, IPv6: 0, Min Delay: 408 ms, Max Speed: 9.03 M/s, Avg Speed: 3.06 M/s, Max Resolution: 1920x1080
Category: 📺央视频道, Name: CCTV-12, Total: 41, Valid: 20, Valid Percent: 48.78%, IPv4: 41, IPv6: 0, Min Delay: 325 ms, Max Speed: 4.33 M/s, Avg Speed: 1.16 M/s, Max Resolution: 1920x1080
Category: 📺央视频道, Name: CCTV-13, Total: 43, Valid: 19, Valid Percent: 44.19%, IPv4: 43, IPv6: 0, Min Delay: 365 ms, Max Speed: 8.63 M/s, Avg Speed: 1.69 M/s, Max Resolution: 1920x1080
Category: 📺央视频道, Name: CCTV-14, Total: 41, Valid: 16, Valid Percent: 39.02%, IPv4: 41, IPv6: 0, Min Delay: 287 ms, Max Speed: 2.23 M/s, Avg Speed: 0.85 M/s, Max Resolution: 1920x1080
Category: 📺央视频道, Name: CCTV-15, Total: 46, Valid: 19, Valid Percent: 41.30%, IPv4: 46, IPv6: 0, Min Delay: 463 ms, Max Speed: 8.04 M/s, Avg Speed: 2.37 M/s, Max Resolution: 1920x1080
Category: 📺央视频道, Name: CCTV-16, Total: 24, Valid: 15, Valid Percent: 62.50%, IPv4: 24, IPv6: 0, Min Delay: 296 ms, Max Speed: 9.43 M/s, Avg Speed: 2.25 M/s, Max Resolution: 1920x1080
Category: 📺央视频道, Name: CCTV-17, Total: 36, Valid: 18, Valid Percent: 50.00%, IPv4: 36, IPv6: 0, Min Delay: 41 ms, Max Speed: 114.95 M/s, Avg Speed: 11.06 M/s, Max Resolution: 1920x1080
Category: 📺央视频道, Name: CETV-1, Total: 48, Valid: 8, Valid Percent: 16.67%, IPv4: 48, IPv6: 0, Min Delay: 472 ms, Max Speed: 10.89 M/s, Avg Speed: 5.53 M/s, Max Resolution: 1920x1080
Category: 📺央视频道, Name: CETV-2, Total: 27, Valid: 2, Valid Percent: 7.41%, IPv4: 27, IPv6: 0, Min Delay: 482 ms, Max Speed: 10.75 M/s, Avg Speed: 9.60 M/s, Max Resolution: 720x576
Category: 📺央视频道, Name: CETV-3, Total: 5, Valid: 3, Valid Percent: 60.00%, IPv4: 5, IPv6: 0, Min Delay: 425 ms, Max Speed: 6.33 M/s, Avg Speed: 6.04 M/s, Max Resolution: 720x576
Category: 📺央视频道, Name: CETV-4, Total: 34, Valid: 2, Valid Percent: 5.88%, IPv4: 34, IPv6: 0, Min Delay: 498 ms, Max Speed: 10.70 M/s, Avg Speed: 10.51 M/s, Max Resolution: 720x576
Category: 📡卫视频道, Name: 香港卫视, Total: 6, Valid: 0, Valid Percent: 0.00%, IPv4: 6, IPv6: 0, Min Delay: -1 ms, Max Speed: 0.00 M/s, Avg Speed: 0.00 M/s, Max Resolution: None
Category: 📡卫视频道, Name: 广东卫视, Total: 43, Valid: 18, Valid Percent: 41.86%, IPv4: 43, IPv6: 0, Min Delay: 4 ms, Max Speed: 213.72 M/s, Avg Speed: 14.94 M/s, Max Resolution: 1920x1080
Category: 📡卫视频道, Name: 浙江卫视, Total: 39, Valid: 19, Valid Percent: 48.72%, IPv4: 39, IPv6: 0, Min Delay: 439 ms, Max Speed: 19.29 M/s, Avg Speed: 4.16 M/s, Max Resolution: 1920x1080
Category: 📡卫视频道, Name: 湖南卫视, Total: 49, Valid: 23, Valid Percent: 46.94%, IPv4: 49, IPv6: 0, Min Delay: 8 ms, Max Speed: 12.37 M/s, Avg Speed: 3.35 M/s, Max Resolution: 3840x2160
Category: 📡卫视频道, Name: 北京卫视, Total: 41, Valid: 13, Valid Percent: 31.71%, IPv4: 41, IPv6: 0, Min Delay: 7 ms, Max Speed: 13.76 M/s, Avg Speed: 3.56 M/s, Max Resolution: 1920x1080
Category: 📡卫视频道, Name: 湖北卫视, Total: 38, Valid: 16, Valid Percent: 42.11%, IPv4: 38, IPv6: 0, Min Delay: 446 ms, Max Speed: 9.14 M/s, Avg Speed: 1.38 M/s, Max Resolution: 1920x1080
Category: 📡卫视频道, Name: 黑龙江卫视, Total: 32, Valid: 15, Valid Percent: 46.88%, IPv4: 32, IPv6: 0, Min Delay: 486 ms, Max Speed: 9.76 M/s, Avg Speed: 1.80 M/s, Max Resolution: 1920x1080
Category: 📡卫视频道, Name: 安徽卫视, Total: 38, Valid: 18, Valid Percent: 47.37%, IPv4: 38, IPv6: 0, Min Delay: 302 ms, Max Speed: 9.20 M/s, Avg Speed: 1.72 M/s, Max Resolution: 1920x1080
Category: 📡卫视频道, Name: 重庆卫视, Total: 37, Valid: 15, Valid Percent: 40.54%, IPv4: 37, IPv6: 0, Min Delay: 441 ms, Max Speed: 8.40 M/s, Avg Speed: 1.53 M/s, Max Resolution: 1920x1080
Category: 📡卫视频道, Name: 东方卫视, Total: 41, Valid: 18, Valid Percent: 43.90%, IPv4: 41, IPv6: 0, Min Delay: 300 ms, Max Speed: 9.62 M/s, Avg Speed: 3.24 M/s, Max Resolution: 1920x1080
Category: 📡卫视频道, Name: 东南卫视, Total: 30, Valid: 15, Valid Percent: 50.00%, IPv4: 30, IPv6: 0, Min Delay: 473 ms, Max Speed: 9.17 M/s, Avg Speed: 1.73 M/s, Max Resolution: 1920x1080
Category: 📡卫视频道, Name: 甘肃卫视, Total: 20, Valid: 8, Valid Percent: 40.00%, IPv4: 20, IPv6: 0, Min Delay: 442 ms, Max Speed: 9.27 M/s, Avg Speed: 3.48 M/s, Max Resolution: 1920x1080
Category: 📡卫视频道, Name: 广西卫视, Total: 29, Valid: 9, Valid Percent: 31.03%, IPv4: 29, IPv6: 0, Min Delay: 481 ms, Max Speed: 10.27 M/s, Avg Speed: 3.62 M/s, Max Resolution: 1920x1080
Category: 📡卫视频道, Name: 贵州卫视, Total: 34, Valid: 15, Valid Percent: 44.12%, IPv4: 34, IPv6: 0, Min Delay: 70 ms, Max Speed: 58.41 M/s, Avg Speed: 6.82 M/s, Max Resolution: 1920x1080
Category: 📡卫视频道, Name: 海南卫视, Total: 16, Valid: 4, Valid Percent: 25.00%, IPv4: 16, IPv6: 0, Min Delay: 679 ms, Max Speed: 6.81 M/s, Avg Speed: 1.95 M/s, Max Resolution: 1920x1080
Category: 📡卫视频道, Name: 河北卫视, Total: 29, Valid: 11, Valid Percent: 37.93%, IPv4: 29, IPv6: 0, Min Delay: 370 ms, Max Speed: 9.23 M/s, Avg Speed: 1.41 M/s, Max Resolution: 1920x1080
Category: 📡卫视频道, Name: 河南卫视, Total: 36, Valid: 11, Valid Percent: 30.56%, IPv4: 36, IPv6: 0, Min Delay: 315 ms, Max Speed: 9.11 M/s, Avg Speed: 2.12 M/s, Max Resolution: 1920x1080
Category: 📡卫视频道, Name: 吉林卫视, Total: 30, Valid: 14, Valid Percent: 46.67%, IPv4: 30, IPv6: 0, Min Delay: 282 ms, Max Speed: 10.44 M/s, Avg Speed: 1.35 M/s, Max Resolution: 1920x1080
Category: 📡卫视频道, Name: 江苏卫视, Total: 42, Valid: 20, Valid Percent: 47.62%, IPv4: 42, IPv6: 0, Min Delay: 429 ms, Max Speed: 9.86 M/s, Avg Speed: 3.87 M/s, Max Resolution: 1920x1080
Category: 📡卫视频道, Name: 江西卫视, Total: 35, Valid: 10, Valid Percent: 28.57%, IPv4: 35, IPv6: 0, Min Delay: 56 ms, Max Speed: 93.07 M/s, Avg Speed: 13.76 M/s, Max Resolution: 1920x1080
Category: 📡卫视频道, Name: 辽宁卫视, Total: 34, Valid: 12, Valid Percent: 35.29%, IPv4: 34, IPv6: 0, Min Delay: 317 ms, Max Speed: 9.22 M/s, Avg Speed: 4.02 M/s, Max Resolution: 1920x1080
Category: 📡卫视频道, Name: 内蒙古卫视, Total: 14, Valid: 6, Valid Percent: 42.86%, IPv4: 14, IPv6: 0, Min Delay: 60 ms, Max Speed: 88.46 M/s, Avg Speed: 28.81 M/s, Max Resolution: 1920x1080
Category: 📡卫视频道, Name: 宁夏卫视, Total: 25, Valid: 11, Valid Percent: 44.00%, IPv4: 25, IPv6: 0, Min Delay: 43 ms, Max Speed: 106.39 M/s, Avg Speed: 29.49 M/s, Max Resolution: 1920x1080
Category: 📡卫视频道, Name: 青海卫视, Total: 20, Valid: 6, Valid Percent: 30.00%, IPv4: 20, IPv6: 0, Min Delay: 448 ms, Max Speed: 8.87 M/s, Avg Speed: 3.39 M/s, Max Resolution: 1920x1080
Category: 📡卫视频道, Name: 山东卫视, Total: 32, Valid: 16, Valid Percent: 50.00%, IPv4: 32, IPv6: 0, Min Delay: 446 ms, Max Speed: 9.15 M/s, Avg Speed: 2.41 M/s, Max Resolution: 1920x1080
Category: 📡卫视频道, Name: 山西卫视, Total: 29, Valid: 10, Valid Percent: 34.48%, IPv4: 29, IPv6: 0, Min Delay: 49 ms, Max Speed: 108.28 M/s, Avg Speed: 21.19 M/s, Max Resolution: 1920x1080
Category: 📡卫视频道, Name: 陕西卫视, Total: 28, Valid: 7, Valid Percent: 25.00%, IPv4: 28, IPv6: 0, Min Delay: 60 ms, Max Speed: 93.34 M/s, Avg Speed: 17.52 M/s, Max Resolution: 1920x1080
Category: 📡卫视频道, Name: 四川卫视, Total: 43, Valid: 16, Valid Percent: 37.21%, IPv4: 43, IPv6: 0, Min Delay: 44 ms, Max Speed: 120.04 M/s, Avg Speed: 15.14 M/s, Max Resolution: 1920x1080
Category: 📡卫视频道, Name: 三沙卫视, Total: 10, Valid: 5, Valid Percent: 50.00%, IPv4: 10, IPv6: 0, Min Delay: 452 ms, Max Speed: 6.99 M/s, Avg Speed: 3.41 M/s, Max Resolution: 1920x1080
Category: 📡卫视频道, Name: 深圳卫视, Total: 35, Valid: 23, Valid Percent: 65.71%, IPv4: 35, IPv6: 0, Min Delay: 447 ms, Max Speed: 8.98 M/s, Avg Speed: 2.92 M/s, Max Resolution: 1920x1080
Category: 📡卫视频道, Name: 天津卫视, Total: 32, Valid: 16, Valid Percent: 50.00%, IPv4: 32, IPv6: 0, Min Delay: 467 ms, Max Speed: 9.54 M/s, Avg Speed: 1.47 M/s, Max Resolution: 1920x1080
Category: 📡卫视频道, Name: 西藏卫视, Total: 15, Valid: 7, Valid Percent: 46.67%, IPv4: 15, IPv6: 0, Min Delay: 77 ms, Max Speed: 49.34 M/s, Avg Speed: 10.60 M/s, Max Resolution: 1920x1080
Category: 📡卫视频道, Name: 新疆卫视, Total: 21, Valid: 10, Valid Percent: 47.62%, IPv4: 21, IPv6: 0, Min Delay: 67 ms, Max Speed: 57.08 M/s, Avg Speed: 7.91 M/s, Max Resolution: 1920x1080
Category: 📡卫视频道, Name: 云南卫视, Total: 31, Valid: 15, Valid Percent: 48.39%, IPv4: 31, IPv6: 0, Min Delay: 45 ms, Max Speed: 115.27 M/s, Avg Speed: 9.62 M/s, Max Resolution: 1920x1080
Category: ☘️广东频道, Name: 广东体育, Total: 11, Valid: 7, Valid Percent: 63.64%, IPv4: 11, IPv6: 0, Min Delay: 465 ms, Max Speed: 8.98 M/s, Avg Speed: 2.80 M/s, Max Resolution: 1920x1080
Category: ☘️广东频道, Name: 广东民生, Total: 4, Valid: 2, Valid Percent: 50.00%, IPv4: 4, IPv6: 0, Min Delay: 468 ms, Max Speed: 7.21 M/s, Avg Speed: 3.63 M/s, Max Resolution: 1920x1080
Category: ☘️广东频道, Name: 广东珠江, Total: 11, Valid: 9, Valid Percent: 81.82%, IPv4: 11, IPv6: 0, Min Delay: 404 ms, Max Speed: 7.56 M/s, Avg Speed: 3.86 M/s, Max Resolution: 1920x1080
Category: ☘️广东频道, Name: 广东新闻, Total: 7, Valid: 4, Valid Percent: 57.14%, IPv4: 7, IPv6: 0, Min Delay: 412 ms, Max Speed: 6.12 M/s, Avg Speed: 5.78 M/s, Max Resolution: 1280x720
Category: ☘️广东频道, Name: 大湾区卫视, Total: 10, Valid: 6, Valid Percent: 60.00%, IPv4: 10, IPv6: 0, Min Delay: 478 ms, Max Speed: 10.32 M/s, Avg Speed: 6.91 M/s, Max Resolution: 1920x1080
Category: ☘️广东频道, Name: 广州影视, Total: 1, Valid: 0, Valid Percent: 0.00%, IPv4: 1, IPv6: 0, Min Delay: -1 ms, Max Speed: 0.00 M/s, Avg Speed: 0.00 M/s, Max Resolution: None
